// Jest Snapshot v1, https://goo.gl/fbAQLP

exports[`Pruebas en componente <GifGridItem /> debe de mostrar el componente <GifGridItem /> 1`] = `
<div
  className="card animate__animated animate__fadeIn"
>
  <img
    alt="Dragon Ball z"
    src="https://imagen.jpg"
  />
  <p>
     
    Dragon Ball z
     
  </p>
</div>
`;
