// Jest Snapshot v1, https://goo.gl/fbAQLP

exports[`Pruebas en <GifGrid /> debe de mostrar items cuando se caragn im√°genes useFetchGifs 1`] = `
<Fragment>
  <h3>
    One Punch
  </h3>
  <div
    className="card-grid"
  >
    <GifGridItem
      id="ABC"
      key="ABC"
      title="Cualquier cosa"
      url="http://localhost/cualquier/.cosa.jpg"
    />
    <GifGridItem
      id="DEF"
      key="DEF"
      title="Cualquier cosa 2"
      url="http://localhost/cualquier/.cosa-2.jpg"
    />
  </div>
</Fragment>
`;

exports[`Pruebas en <GifGrid /> debe de mostrarse correctamente 1`] = `
<Fragment>
  <h3>
    One Punch
  </h3>
  <div
    className="card-grid"
  />
</Fragment>
`;
